
Memory Configuration

Name             Origin             Length             Attributes
FLASH            0x08000000         0x00020000         xr
SRAM             0x20000000         0x00005000         xrw
*default*        0x00000000         0xffffffff

Linker script and memory map


.vectors        0x08000000      0x28c
 *(*.vectors)
 .vectors       0x08000000       0x18 startup.o
                0x08000000                vectors
 *(.text)
 .text          0x08000018       0x20 Alarm_Driver/Alarm_Driver.o
                0x08000018                Alarm_Set
                0x08000028                Alarm_Reset
 .text          0x08000038       0x40 Alarm_Monitor/Alarm_Monitor.o
                0x08000050                High_Pressure_Detected
 .text          0x08000078      0x10c driver/driver.o
                0x08000078                Delay
                0x0800009c                getPressureVal
                0x080000b4                Set_Alarm_actuator
                0x08000104                GPIO_INITIALIZATION
 .text          0x08000184       0x10 Pressure_Sensor_Driver/Pressure_Sensor_Driver.o
                0x08000184                Get_Pressure_Value
 .text          0x08000194       0x3c main.o
                0x08000194                main
 .text          0x080001d0       0xbc startup.o
                0x080001d0                Reset_Handler
                0x08000280                MM_Fault_Handler
                0x08000280                H_Fault_Handler
                0x08000280                Bus_Fault
                0x08000280                Default_Handler
                0x08000280                Usage_Fault_Handler
                0x08000280                NMI_Handler
                0x0800028c                End_text = .

.glue_7         0x0800028c        0x0
 .glue_7        0x00000000        0x0 linker stubs

.glue_7t        0x0800028c        0x0
 .glue_7t       0x00000000        0x0 linker stubs

.vfp11_veneer   0x0800028c        0x0
 .vfp11_veneer  0x00000000        0x0 linker stubs

.v4_bx          0x0800028c        0x0
 .v4_bx         0x00000000        0x0 linker stubs

.iplt           0x0800028c        0x0
 .iplt          0x00000000        0x0 Alarm_Driver/Alarm_Driver.o

.rel.dyn        0x0800028c        0x0
 .rel.iplt      0x00000000        0x0 Alarm_Driver/Alarm_Driver.o

.rodata         0x0800028c        0x8
 .rodata        0x0800028c        0x8 main.o

.data           0x20000000        0x0 load address 0x08000294
                0x20000000                Start_data = .
 *(.data)
 .data          0x20000000        0x0 Alarm_Driver/Alarm_Driver.o
 .data          0x20000000        0x0 Alarm_Monitor/Alarm_Monitor.o
 .data          0x20000000        0x0 driver/driver.o
 .data          0x20000000        0x0 Pressure_Sensor_Driver/Pressure_Sensor_Driver.o
 .data          0x20000000        0x0 main.o
 .data          0x20000000        0x0 startup.o
                0x20000000                . = ALIGN (0x4)
                0x20000000                End_data = .

.igot.plt       0x20000000        0x0 load address 0x08000294
 .igot.plt      0x00000000        0x0 Alarm_Driver/Alarm_Driver.o

.bss            0x20000000     0x1000 load address 0x08000294
                0x20000000                Start_bss = .
 *(.bss)
 .bss           0x20000000        0x0 Alarm_Driver/Alarm_Driver.o
 .bss           0x20000000        0x0 Alarm_Monitor/Alarm_Monitor.o
 .bss           0x20000000        0x0 driver/driver.o
 .bss           0x20000000        0x0 Pressure_Sensor_Driver/Pressure_Sensor_Driver.o
 .bss           0x20000000        0x0 main.o
 .bss           0x20000000        0x0 startup.o
                0x20000000                . = ALIGN (0x4)
                0x20000000                End_bss = .
                0x20001000                . = (. + 0x1000)
 *fill*         0x20000000     0x1000 
                0x20001000                stack_top = .
LOAD Alarm_Driver/Alarm_Driver.o
LOAD Alarm_Monitor/Alarm_Monitor.o
LOAD driver/driver.o
LOAD Pressure_Sensor_Driver/Pressure_Sensor_Driver.o
LOAD main.o
LOAD startup.o
OUTPUT(High_Pressure_Detection_LearnInDepth_Ayman.elf elf32-littlearm)

.debug_info     0x00000000      0x53c
 .debug_info    0x00000000       0xa4 Alarm_Driver/Alarm_Driver.o
 .debug_info    0x000000a4       0xb7 Alarm_Monitor/Alarm_Monitor.o
 .debug_info    0x0000015b      0x103 driver/driver.o
 .debug_info    0x0000025e       0x93 Pressure_Sensor_Driver/Pressure_Sensor_Driver.o
 .debug_info    0x000002f1       0xe4 main.o
 .debug_info    0x000003d5      0x167 startup.o

.debug_abbrev   0x00000000      0x2c2
 .debug_abbrev  0x00000000       0x40 Alarm_Driver/Alarm_Driver.o
 .debug_abbrev  0x00000040       0x54 Alarm_Monitor/Alarm_Monitor.o
 .debug_abbrev  0x00000094       0x9d driver/driver.o
 .debug_abbrev  0x00000131       0x42 Pressure_Sensor_Driver/Pressure_Sensor_Driver.o
 .debug_abbrev  0x00000173       0x8f main.o
 .debug_abbrev  0x00000202       0xc0 startup.o

.debug_loc      0x00000000      0x26c
 .debug_loc     0x00000000       0x58 Alarm_Driver/Alarm_Driver.o
 .debug_loc     0x00000058       0x84 Alarm_Monitor/Alarm_Monitor.o
 .debug_loc     0x000000dc       0xc8 driver/driver.o
 .debug_loc     0x000001a4       0x2c Pressure_Sensor_Driver/Pressure_Sensor_Driver.o
 .debug_loc     0x000001d0       0x38 main.o
 .debug_loc     0x00000208       0x64 startup.o

.debug_aranges  0x00000000       0xc0
 .debug_aranges
                0x00000000       0x20 Alarm_Driver/Alarm_Driver.o
 .debug_aranges
                0x00000020       0x20 Alarm_Monitor/Alarm_Monitor.o
 .debug_aranges
                0x00000040       0x20 driver/driver.o
 .debug_aranges
                0x00000060       0x20 Pressure_Sensor_Driver/Pressure_Sensor_Driver.o
 .debug_aranges
                0x00000080       0x20 main.o
 .debug_aranges
                0x000000a0       0x20 startup.o

.debug_line     0x00000000      0x292
 .debug_line    0x00000000       0x4e Alarm_Driver/Alarm_Driver.o
 .debug_line    0x0000004e       0x56 Alarm_Monitor/Alarm_Monitor.o
 .debug_line    0x000000a4       0xa0 driver/driver.o
 .debug_line    0x00000144       0x5f Pressure_Sensor_Driver/Pressure_Sensor_Driver.o
 .debug_line    0x000001a3       0x83 main.o
 .debug_line    0x00000226       0x6c startup.o

.debug_str      0x00000000      0x2ba
 .debug_str     0x00000000      0x126 Alarm_Driver/Alarm_Driver.o
                                0x15f (size before relaxing)
 .debug_str     0x00000126       0x48 Alarm_Monitor/Alarm_Monitor.o
                                0x175 (size before relaxing)
 .debug_str     0x0000016e       0x5c driver/driver.o
                                0x189 (size before relaxing)
 .debug_str     0x000001ca       0x43 Pressure_Sensor_Driver/Pressure_Sensor_Driver.o
                                0x170 (size before relaxing)
 .debug_str     0x0000020d       0x18 main.o
                                0x165 (size before relaxing)
 .debug_str     0x00000225       0x95 startup.o
                                0x1ab (size before relaxing)

.comment        0x00000000       0x11
 .comment       0x00000000       0x11 Alarm_Driver/Alarm_Driver.o
                                 0x12 (size before relaxing)
 .comment       0x00000000       0x12 Alarm_Monitor/Alarm_Monitor.o
 .comment       0x00000000       0x12 driver/driver.o
 .comment       0x00000000       0x12 Pressure_Sensor_Driver/Pressure_Sensor_Driver.o
 .comment       0x00000000       0x12 main.o
 .comment       0x00000000       0x12 startup.o

.ARM.attributes
                0x00000000       0x33
 .ARM.attributes
                0x00000000       0x33 Alarm_Driver/Alarm_Driver.o
 .ARM.attributes
                0x00000033       0x33 Alarm_Monitor/Alarm_Monitor.o
 .ARM.attributes
                0x00000066       0x33 driver/driver.o
 .ARM.attributes
                0x00000099       0x33 Pressure_Sensor_Driver/Pressure_Sensor_Driver.o
 .ARM.attributes
                0x000000cc       0x33 main.o
 .ARM.attributes
                0x000000ff       0x33 startup.o

.debug_frame    0x00000000      0x1cc
 .debug_frame   0x00000000       0x48 Alarm_Driver/Alarm_Driver.o
 .debug_frame   0x00000048       0x64 Alarm_Monitor/Alarm_Monitor.o
 .debug_frame   0x000000ac       0x78 driver/driver.o
 .debug_frame   0x00000124       0x2c Pressure_Sensor_Driver/Pressure_Sensor_Driver.o
 .debug_frame   0x00000150       0x30 main.o
 .debug_frame   0x00000180       0x4c startup.o
