
Memory Configuration

Name             Origin             Length             Attributes
FLASH            0x08000000         0x00020000         xr
SRAM             0x20000000         0x00005000         xrw
*default*        0x00000000         0xffffffff

Linker script and memory map


.text           0x08000000      0x188
 *(*.vectors)
 .vectors       0x08000000       0x18 startup.o
                0x08000000                vectors
 *(.text)
 .text          0x08000018       0xb4 main.o
                0x08000018                main
                0x080000c0                NMI_Handler
 .text          0x080000cc       0xbc startup.o
                0x080000cc                Reset_Handler
                0x0800017c                MM_Fault_Handler
                0x0800017c                Bus_Fault
                0x0800017c                Default_Handler
                0x0800017c                Usage_Fault_Handler
                0x0800017c                H_Fault_Handler
 *(.rodata)
                0x08000188                End_text = .

.glue_7         0x08000188        0x0
 .glue_7        0x00000000        0x0 linker stubs

.glue_7t        0x08000188        0x0
 .glue_7t       0x00000000        0x0 linker stubs

.vfp11_veneer   0x08000188        0x0
 .vfp11_veneer  0x00000000        0x0 linker stubs

.v4_bx          0x08000188        0x0
 .v4_bx         0x00000000        0x0 linker stubs

.iplt           0x08000188        0x0
 .iplt          0x00000000        0x0 main.o

.rel.dyn        0x08000188        0x0
 .rel.iplt      0x00000000        0x0 main.o

.data           0x20000000        0x4 load address 0x08000188
                0x20000000                Start_data = .
 *(.data)
 .data          0x20000000        0x4 main.o
                0x20000000                P_ODR
 .data          0x20000004        0x0 startup.o
                0x20000004                . = ALIGN (0x4)
                0x20000004                End_data = .

.igot.plt       0x20000004        0x0 load address 0x0800018c
 .igot.plt      0x00000000        0x0 main.o

.bss            0x20000004     0x1000 load address 0x0800018c
                0x20000004                Start_bss = .
 *(.bss)
 .bss           0x20000004        0x0 main.o
 .bss           0x20000004        0x0 startup.o
                0x20000004                . = ALIGN (0x4)
                0x20000004                End_bss = .
                0x20001004                . = (. + 0x1000)
 *fill*         0x20000004     0x1000 
                0x20001004                stack_top = .
LOAD main.o
LOAD startup.o
OUTPUT(learn-in-depth-Ayman.elf elf32-littlearm)

.debug_info     0x00000000      0x295
 .debug_info    0x00000000      0x12e main.o
 .debug_info    0x0000012e      0x167 startup.o

.debug_abbrev   0x00000000      0x195
 .debug_abbrev  0x00000000       0xd5 main.o
 .debug_abbrev  0x000000d5       0xc0 startup.o

.debug_loc      0x00000000       0xc8
 .debug_loc     0x00000000       0x64 main.o
 .debug_loc     0x00000064       0x64 startup.o

.debug_aranges  0x00000000       0x40
 .debug_aranges
                0x00000000       0x20 main.o
 .debug_aranges
                0x00000020       0x20 startup.o

.debug_line     0x00000000       0xdc
 .debug_line    0x00000000       0x70 main.o
 .debug_line    0x00000070       0x6c startup.o

.debug_str      0x00000000      0x1bd
 .debug_str     0x00000000      0x12c main.o
                                0x145 (size before relaxing)
 .debug_str     0x0000012c       0x91 startup.o
                                0x191 (size before relaxing)

.comment        0x00000000       0x11
 .comment       0x00000000       0x11 main.o
                                 0x12 (size before relaxing)
 .comment       0x00000000       0x12 startup.o

.ARM.attributes
                0x00000000       0x33
 .ARM.attributes
                0x00000000       0x33 main.o
 .ARM.attributes
                0x00000033       0x33 startup.o

.debug_frame    0x00000000       0x94
 .debug_frame   0x00000000       0x48 main.o
 .debug_frame   0x00000048       0x4c startup.o
