
Memory Configuration

Name             Origin             Length             Attributes
FLASH            0x00000000         0x20000000         xr
SRAM             0x20000000         0x20000000         xrw
*default*        0x00000000         0xffffffff

Linker script and memory map


.text           0x00000000      0x194
 *(*.vectors)
 .vectors       0x00000000       0x18 startup.o
                0x00000000                vectors
 *(.text)
 .text          0x00000018       0xc0 main.o
                0x00000018                main
 .text          0x000000d8       0xbc startup.o
                0x000000d8                Reset_Handler
                0x00000188                MM_Fault_Handler
                0x00000188                H_Fault_Handler
                0x00000188                Bus_Fault
                0x00000188                Default_Handler
                0x00000188                Usage_Fault_Handler
                0x00000188                NMI_Handler
 *(.rodata)
                0x00000194                End_text = .

.glue_7         0x00000194        0x0
 .glue_7        0x00000000        0x0 linker stubs

.glue_7t        0x00000194        0x0
 .glue_7t       0x00000000        0x0 linker stubs

.vfp11_veneer   0x00000194        0x0
 .vfp11_veneer  0x00000000        0x0 linker stubs

.v4_bx          0x00000194        0x0
 .v4_bx         0x00000000        0x0 linker stubs

.iplt           0x00000194        0x0
 .iplt          0x00000000        0x0 main.o

.rel.dyn        0x00000194        0x0
 .rel.iplt      0x00000000        0x0 main.o

.data           0x20000000        0x0 load address 0x00000194
                0x20000000                Start_data = .
 *(.data)
 .data          0x20000000        0x0 main.o
 .data          0x20000000        0x0 startup.o
                0x20000000                . = ALIGN (0x4)
                0x20000000                End_data = .

.igot.plt       0x20000000        0x0 load address 0x00000194
 .igot.plt      0x00000000        0x0 main.o

.bss            0x20000000      0x400 load address 0x00000194
                0x20000000                Start_bss = .
 *(.bss)
 .bss           0x20000000        0x0 main.o
 .bss           0x20000000      0x400 startup.o
                0x20000400                . = ALIGN (0x4)
                0x20000400                End_bss = .
LOAD main.o
LOAD startup.o
OUTPUT(TivaC_TM4C123_Project_Ayman.elf elf32-littlearm)

.debug_info     0x00000000      0x1f2
 .debug_info    0x00000000       0x5e main.o
 .debug_info    0x0000005e      0x194 startup.o

.debug_abbrev   0x00000000      0x122
 .debug_abbrev  0x00000000       0x4f main.o
 .debug_abbrev  0x0000004f       0xd3 startup.o

.debug_loc      0x00000000       0x9c
 .debug_loc     0x00000000       0x38 main.o
 .debug_loc     0x00000038       0x64 startup.o

.debug_aranges  0x00000000       0x40
 .debug_aranges
                0x00000000       0x20 main.o
 .debug_aranges
                0x00000020       0x20 startup.o

.debug_line     0x00000000       0xcf
 .debug_line    0x00000000       0x63 main.o
 .debug_line    0x00000063       0x6c startup.o

.debug_str      0x00000000      0x188
 .debug_str     0x00000000       0x8c main.o
 .debug_str     0x0000008c       0xfc startup.o
                                0x1a1 (size before relaxing)

.comment        0x00000000       0x11
 .comment       0x00000000       0x11 main.o
                                 0x12 (size before relaxing)
 .comment       0x00000000       0x12 startup.o

.ARM.attributes
                0x00000000       0x33
 .ARM.attributes
                0x00000000       0x33 main.o
 .ARM.attributes
                0x00000033       0x33 startup.o

.debug_frame    0x00000000       0x78
 .debug_frame   0x00000000       0x2c main.o
 .debug_frame   0x0000002c       0x4c startup.o
